2026-05-09 06:35:22,662 [INFO] ============================================================
2026-05-09 06:35:22,662 [INFO] 🛡️  SOC Daily Intelligence Feed — Starting Update
2026-05-09 06:35:22,663 [INFO] ============================================================
2026-05-09 06:35:22,663 [INFO] 📅 Report date: 2026-05-09
2026-05-09 06:35:22,663 [INFO] Loaded 12 feed sources
2026-05-09 06:35:22,663 [INFO] Fetching: The Hacker News (https://feeds.feedburner.com/TheHackersNews)
2026-05-09 06:35:22,922 [INFO]   ✅ The Hacker News: 13 articles found
2026-05-09 06:35:23,923 [INFO] Fetching: CISA Alerts (https://www.cisa.gov/cybersecurity-advisories/all.xml)
2026-05-09 06:35:24,211 [INFO]   ✅ CISA Alerts: 3 articles found
2026-05-09 06:35:25,212 [INFO] Fetching: Krebs on Security (https://krebsonsecurity.com/feed/)
2026-05-09 06:35:25,374 [INFO]   ✅ Krebs on Security: 1 articles found
2026-05-09 06:35:26,375 [INFO] Fetching: BleepingComputer (https://www.bleepingcomputer.com/feed/)
2026-05-09 06:35:26,511 [INFO]   ✅ BleepingComputer: 15 articles found
2026-05-09 06:35:27,512 [INFO] Fetching: Dark Reading (https://www.darkreading.com/rss.xml)
2026-05-09 06:35:28,347 [INFO]   ✅ Dark Reading: 5 articles found
2026-05-09 06:35:29,348 [INFO] Fetching: SecurityWeek (https://feeds.feedburner.com/securityweek)
2026-05-09 06:35:29,722 [INFO]   ✅ SecurityWeek: 10 articles found
2026-05-09 06:35:30,723 [INFO] Fetching: SANS ISC (https://isc.sans.edu/rssfeed.xml)
2026-05-09 06:35:30,890 [INFO]   ✅ SANS ISC: 2 articles found
2026-05-09 06:35:31,891 [INFO] Fetching: Naked Security (Sophos) (https://nakedsecurity.sophos.com/feed/)
2026-05-09 06:35:32,788 [WARNING] Feed parse error for Naked Security (Sophos): <unknown>:2:5297: not well-formed (invalid token)
2026-05-09 06:35:33,788 [INFO] Fetching: Schneier on Security (https://www.schneier.com/feed/atom/)
2026-05-09 06:35:33,910 [INFO]   ✅ Schneier on Security: 3 articles found
2026-05-09 06:35:34,911 [INFO] Fetching: US-CERT Current Activity (https://www.cisa.gov/uscert/ncas/current-activity.xml)
2026-05-09 06:35:35,061 [INFO]   ✅ US-CERT Current Activity: 2 articles found
2026-05-09 06:35:36,062 [INFO] Fetching: Packet Storm Security (https://rss.packetstormsecurity.com/)
2026-05-09 06:35:36,272 [WARNING]   ❌ Connection error for Packet Storm Security
2026-05-09 06:35:37,272 [INFO] Fetching: Threatpost (https://threatpost.com/feed/)
2026-05-09 06:35:38,362 [INFO]   ✅ Threatpost: 0 articles found
2026-05-09 06:35:39,363 [INFO] 
📊 Fetched 31 articles from 9/12 sources
2026-05-09 06:35:39,363 [INFO] Deduplication: 31 → 29 articles
2026-05-09 06:35:39,363 [INFO] 📝 Generating daily report...
2026-05-09 06:35:39,364 [INFO] Report saved: /home/runner/work/soc-daily-intel/soc-daily-intel/reports/2026/05/2026-05-09.md
2026-05-09 06:35:39,364 [INFO] Updated LATEST.md
2026-05-09 06:35:39,365 [INFO] Updated stats: 1 total reports, 29 total articles
2026-05-09 06:35:39,365 [INFO] 
✅ Done! Report generated in 16.7s
2026-05-09 06:35:39,365 [INFO] 📄 Report: /home/runner/work/soc-daily-intel/soc-daily-intel/reports/2026/05/2026-05-09.md
2026-05-09 06:35:39,365 [INFO] 📊 Articles: 29 | Sources: 9
2026-05-09 06:35:39,365 [INFO] ============================================================
2026-05-10 08:06:17,062 [INFO] ============================================================
2026-05-10 08:06:17,062 [INFO] 🛡️  SOC Daily Intelligence Feed — Starting Update
2026-05-10 08:06:17,062 [INFO] ============================================================
2026-05-10 08:06:17,062 [INFO] 📅 Report date: 2026-05-10
2026-05-10 08:06:17,062 [INFO] Loaded 12 feed sources
2026-05-10 08:06:17,062 [INFO] Fetching: The Hacker News (https://feeds.feedburner.com/TheHackersNews)
2026-05-10 08:06:17,384 [INFO]   ✅ The Hacker News: 7 articles found
2026-05-10 08:06:18,385 [INFO] Fetching: CISA Alerts (https://www.cisa.gov/cybersecurity-advisories/all.xml)
2026-05-10 08:06:18,711 [INFO]   ✅ CISA Alerts: 1 articles found
2026-05-10 08:06:19,713 [INFO] Fetching: Krebs on Security (https://krebsonsecurity.com/feed/)
2026-05-10 08:06:19,954 [INFO]   ✅ Krebs on Security: 0 articles found
2026-05-10 08:06:20,955 [INFO] Fetching: BleepingComputer (https://www.bleepingcomputer.com/feed/)
2026-05-10 08:06:21,064 [INFO]   ✅ BleepingComputer: 8 articles found
2026-05-10 08:06:22,066 [INFO] Fetching: Dark Reading (https://www.darkreading.com/rss.xml)
2026-05-10 08:06:22,800 [INFO]   ✅ Dark Reading: 1 articles found
2026-05-10 08:06:23,801 [INFO] Fetching: SecurityWeek (https://feeds.feedburner.com/securityweek)
2026-05-10 08:06:24,277 [INFO]   ✅ SecurityWeek: 5 articles found
2026-05-10 08:06:25,279 [INFO] Fetching: SANS ISC (https://isc.sans.edu/rssfeed.xml)
2026-05-10 08:06:25,614 [INFO]   ✅ SANS ISC: 1 articles found
2026-05-10 08:06:26,615 [INFO] Fetching: Naked Security (Sophos) (https://nakedsecurity.sophos.com/feed/)
2026-05-10 08:06:27,461 [WARNING] Feed parse error for Naked Security (Sophos): <unknown>:2:5297: not well-formed (invalid token)
2026-05-10 08:06:28,461 [INFO] Fetching: Schneier on Security (https://www.schneier.com/feed/atom/)
2026-05-10 08:06:28,680 [INFO]   ✅ Schneier on Security: 2 articles found
2026-05-10 08:06:29,682 [INFO] Fetching: US-CERT Current Activity (https://www.cisa.gov/uscert/ncas/current-activity.xml)
2026-05-10 08:06:29,813 [INFO]   ✅ US-CERT Current Activity: 1 articles found
2026-05-10 08:06:30,814 [INFO] Fetching: Packet Storm Security (https://rss.packetstormsecurity.com/)
2026-05-10 08:06:30,976 [WARNING]   ❌ Connection error for Packet Storm Security
2026-05-10 08:06:31,976 [INFO] Fetching: Threatpost (https://threatpost.com/feed/)
2026-05-10 08:06:32,767 [INFO]   ✅ Threatpost: 0 articles found
2026-05-10 08:06:33,768 [INFO] 
📊 Fetched 21 articles from 8/12 sources
2026-05-10 08:06:33,769 [INFO] Deduplication: 21 → 21 articles
2026-05-10 08:06:33,769 [INFO] 📝 Generating daily report...
2026-05-10 08:06:33,770 [INFO] Report saved: /home/runner/work/soc-daily-intel/soc-daily-intel/reports/2026/05/2026-05-10.md
2026-05-10 08:06:33,770 [INFO] Updated LATEST.md
2026-05-10 08:06:33,770 [INFO] Updated stats: 2 total reports, 50 total articles
2026-05-10 08:06:33,771 [INFO] 
✅ Done! Report generated in 16.7s
2026-05-10 08:06:33,771 [INFO] 📄 Report: /home/runner/work/soc-daily-intel/soc-daily-intel/reports/2026/05/2026-05-10.md
2026-05-10 08:06:33,771 [INFO] 📊 Articles: 21 | Sources: 8
2026-05-10 08:06:33,771 [INFO] ============================================================
2026-05-11 09:37:29,671 [INFO] ============================================================
2026-05-11 09:37:29,671 [INFO] 🛡️  SOC Daily Intelligence Feed — Starting Update
2026-05-11 09:37:29,671 [INFO] ============================================================
2026-05-11 09:37:29,672 [INFO] 📅 Report date: 2026-05-11
2026-05-11 09:37:29,672 [INFO] Loaded 12 feed sources
2026-05-11 09:37:29,672 [INFO] Fetching: The Hacker News (https://feeds.feedburner.com/TheHackersNews)
2026-05-11 09:37:30,170 [INFO]   ✅ The Hacker News: 2 articles found
2026-05-11 09:37:31,171 [INFO] Fetching: CISA Alerts (https://www.cisa.gov/cybersecurity-advisories/all.xml)
2026-05-11 09:37:31,433 [INFO]   ✅ CISA Alerts: 0 articles found
2026-05-11 09:37:32,434 [INFO] Fetching: Krebs on Security (https://krebsonsecurity.com/feed/)
2026-05-11 09:37:32,594 [INFO]   ✅ Krebs on Security: 0 articles found
2026-05-11 09:37:33,595 [INFO] Fetching: BleepingComputer (https://www.bleepingcomputer.com/feed/)
2026-05-11 09:37:33,738 [INFO]   ✅ BleepingComputer: 5 articles found
2026-05-11 09:37:34,739 [INFO] Fetching: Dark Reading (https://www.darkreading.com/rss.xml)
2026-05-11 09:37:35,242 [INFO]   ✅ Dark Reading: 0 articles found
2026-05-11 09:37:36,243 [INFO] Fetching: SecurityWeek (https://feeds.feedburner.com/securityweek)
2026-05-11 09:37:36,579 [INFO]   ✅ SecurityWeek: 5 articles found
2026-05-11 09:37:37,581 [INFO] Fetching: SANS ISC (https://isc.sans.edu/rssfeed.xml)
2026-05-11 09:37:37,847 [INFO]   ✅ SANS ISC: 2 articles found
2026-05-11 09:37:38,848 [INFO] Fetching: Naked Security (Sophos) (https://nakedsecurity.sophos.com/feed/)
2026-05-11 09:37:39,550 [WARNING] Feed parse error for Naked Security (Sophos): <unknown>:2:5297: not well-formed (invalid token)
2026-05-11 09:37:40,550 [INFO] Fetching: Schneier on Security (https://www.schneier.com/feed/atom/)
2026-05-11 09:37:40,698 [INFO]   ✅ Schneier on Security: 0 articles found
2026-05-11 09:37:41,699 [INFO] Fetching: US-CERT Current Activity (https://www.cisa.gov/uscert/ncas/current-activity.xml)
2026-05-11 09:37:41,804 [INFO]   ✅ US-CERT Current Activity: 0 articles found
2026-05-11 09:37:42,806 [INFO] Fetching: Packet Storm Security (https://rss.packetstormsecurity.com/)
2026-05-11 09:37:42,943 [WARNING]   ❌ Connection error for Packet Storm Security
2026-05-11 09:37:43,944 [INFO] Fetching: Threatpost (https://threatpost.com/feed/)
2026-05-11 09:37:45,234 [INFO]   ✅ Threatpost: 0 articles found
2026-05-11 09:37:46,236 [INFO] 
📊 Fetched 14 articles from 4/12 sources
2026-05-11 09:37:46,236 [INFO] Deduplication: 14 → 14 articles
2026-05-11 09:37:46,236 [INFO] 📝 Generating daily report...
2026-05-11 09:37:46,237 [INFO] Report saved: /home/runner/work/soc-daily-intel/soc-daily-intel/reports/2026/05/2026-05-11.md
2026-05-11 09:37:46,237 [INFO] Updated LATEST.md
2026-05-11 09:37:46,238 [INFO] Updated stats: 3 total reports, 64 total articles
2026-05-11 09:37:46,238 [INFO] 
✅ Done! Report generated in 16.6s
2026-05-11 09:37:46,238 [INFO] 📄 Report: /home/runner/work/soc-daily-intel/soc-daily-intel/reports/2026/05/2026-05-11.md
2026-05-11 09:37:46,238 [INFO] 📊 Articles: 14 | Sources: 4
2026-05-11 09:37:46,238 [INFO] ============================================================
2026-05-12 08:38:20,077 [INFO] ============================================================
2026-05-12 08:38:20,077 [INFO] 🛡️  SOC Daily Intelligence Feed — Starting Update
2026-05-12 08:38:20,077 [INFO] ============================================================
2026-05-12 08:38:20,077 [INFO] 📅 Report date: 2026-05-12
2026-05-12 08:38:20,077 [INFO] Loaded 12 feed sources
2026-05-12 08:38:20,077 [INFO] Fetching: The Hacker News (https://feeds.feedburner.com/TheHackersNews)
2026-05-12 08:38:20,418 [INFO]   ✅ The Hacker News: 10 articles found
2026-05-12 08:38:21,419 [INFO] Fetching: CISA Alerts (https://www.cisa.gov/cybersecurity-advisories/all.xml)
2026-05-12 08:38:21,699 [INFO]   ✅ CISA Alerts: 0 articles found
2026-05-12 08:38:22,701 [INFO] Fetching: Krebs on Security (https://krebsonsecurity.com/feed/)
2026-05-12 08:38:22,832 [INFO]   ✅ Krebs on Security: 0 articles found
2026-05-12 08:38:23,834 [INFO] Fetching: BleepingComputer (https://www.bleepingcomputer.com/feed/)
2026-05-12 08:38:23,905 [INFO]   ✅ BleepingComputer: 10 articles found
2026-05-12 08:38:24,906 [INFO] Fetching: Dark Reading (https://www.darkreading.com/rss.xml)
2026-05-12 08:38:25,301 [INFO]   ✅ Dark Reading: 5 articles found
2026-05-12 08:38:26,302 [INFO] Fetching: SecurityWeek (https://feeds.feedburner.com/securityweek)
2026-05-12 08:38:26,631 [INFO]   ✅ SecurityWeek: 10 articles found
2026-05-12 08:38:27,633 [INFO] Fetching: SANS ISC (https://isc.sans.edu/rssfeed.xml)
2026-05-12 08:38:27,868 [INFO]   ✅ SANS ISC: 5 articles found
2026-05-12 08:38:28,869 [INFO] Fetching: Naked Security (Sophos) (https://nakedsecurity.sophos.com/feed/)
2026-05-12 08:38:29,494 [WARNING] Feed parse error for Naked Security (Sophos): <unknown>:2:5297: not well-formed (invalid token)
2026-05-12 08:38:30,494 [INFO] Fetching: Schneier on Security (https://www.schneier.com/feed/atom/)
2026-05-12 08:38:30,662 [INFO]   ✅ Schneier on Security: 1 articles found
2026-05-12 08:38:31,663 [INFO] Fetching: US-CERT Current Activity (https://www.cisa.gov/uscert/ncas/current-activity.xml)
2026-05-12 08:38:31,777 [INFO]   ✅ US-CERT Current Activity: 0 articles found
2026-05-12 08:38:32,778 [INFO] Fetching: Packet Storm Security (https://rss.packetstormsecurity.com/)
2026-05-12 08:38:33,057 [WARNING]   ❌ Connection error for Packet Storm Security
2026-05-12 08:38:34,057 [INFO] Fetching: Threatpost (https://threatpost.com/feed/)
2026-05-12 08:38:34,855 [INFO]   ✅ Threatpost: 0 articles found
2026-05-12 08:38:35,857 [INFO] 
📊 Fetched 26 articles from 6/12 sources
2026-05-12 08:38:35,857 [INFO] Deduplication: 26 → 26 articles
2026-05-12 08:38:35,857 [INFO] 📝 Generating daily report...
2026-05-12 08:38:35,858 [INFO] Report saved: /home/runner/work/soc-daily-intel/soc-daily-intel/reports/2026/05/2026-05-12.md
2026-05-12 08:38:35,859 [INFO] Updated LATEST.md
2026-05-12 08:38:35,859 [INFO] Updated stats: 4 total reports, 90 total articles
2026-05-12 08:38:35,859 [INFO] 
✅ Done! Report generated in 15.8s
2026-05-12 08:38:35,859 [INFO] 📄 Report: /home/runner/work/soc-daily-intel/soc-daily-intel/reports/2026/05/2026-05-12.md
2026-05-12 08:38:35,859 [INFO] 📊 Articles: 26 | Sources: 6
2026-05-12 08:38:35,859 [INFO] ============================================================
2026-05-13 08:42:39,459 [INFO] ============================================================
2026-05-13 08:42:39,459 [INFO] 🛡️  SOC Daily Intelligence Feed — Starting Update
2026-05-13 08:42:39,459 [INFO] ============================================================
2026-05-13 08:42:39,459 [INFO] 📅 Report date: 2026-05-13
2026-05-13 08:42:39,459 [INFO] Loaded 12 feed sources
2026-05-13 08:42:39,459 [INFO] Fetching: The Hacker News (https://feeds.feedburner.com/TheHackersNews)
2026-05-13 08:42:39,751 [INFO]   ✅ The Hacker News: 15 articles found
2026-05-13 08:42:40,752 [INFO] Fetching: CISA Alerts (https://www.cisa.gov/cybersecurity-advisories/all.xml)
2026-05-13 08:42:41,035 [INFO]   ✅ CISA Alerts: 7 articles found
2026-05-13 08:42:42,036 [INFO] Fetching: Krebs on Security (https://krebsonsecurity.com/feed/)
2026-05-13 08:42:42,313 [INFO]   ✅ Krebs on Security: 1 articles found
2026-05-13 08:42:43,314 [INFO] Fetching: BleepingComputer (https://www.bleepingcomputer.com/feed/)
2026-05-13 08:42:43,529 [INFO]   ✅ BleepingComputer: 15 articles found
2026-05-13 08:42:44,530 [INFO] Fetching: Dark Reading (https://www.darkreading.com/rss.xml)
2026-05-13 08:42:45,294 [INFO]   ✅ Dark Reading: 9 articles found
2026-05-13 08:42:46,295 [INFO] Fetching: SecurityWeek (https://feeds.feedburner.com/securityweek)
2026-05-13 08:42:46,808 [INFO]   ✅ SecurityWeek: 10 articles found
2026-05-13 08:42:47,810 [INFO] Fetching: SANS ISC (https://isc.sans.edu/rssfeed.xml)
2026-05-13 08:42:48,088 [INFO]   ✅ SANS ISC: 7 articles found
2026-05-13 08:42:49,089 [INFO] Fetching: Naked Security (Sophos) (https://nakedsecurity.sophos.com/feed/)
2026-05-13 08:42:50,109 [WARNING] Feed parse error for Naked Security (Sophos): <unknown>:2:5576: not well-formed (invalid token)
2026-05-13 08:42:51,109 [INFO] Fetching: Schneier on Security (https://www.schneier.com/feed/atom/)
2026-05-13 08:42:51,340 [INFO]   ✅ Schneier on Security: 2 articles found
2026-05-13 08:42:52,342 [INFO] Fetching: US-CERT Current Activity (https://www.cisa.gov/uscert/ncas/current-activity.xml)
2026-05-13 08:42:52,479 [INFO]   ✅ US-CERT Current Activity: 0 articles found
2026-05-13 08:42:53,480 [INFO] Fetching: Packet Storm Security (https://rss.packetstormsecurity.com/)
2026-05-13 08:42:53,674 [WARNING]   ❌ Connection error for Packet Storm Security
2026-05-13 08:42:54,674 [INFO] Fetching: Threatpost (https://threatpost.com/feed/)
2026-05-13 08:42:55,469 [INFO]   ✅ Threatpost: 0 articles found
2026-05-13 08:42:56,471 [INFO] 
📊 Fetched 33 articles from 8/12 sources
2026-05-13 08:42:56,471 [INFO] Deduplication: 33 → 33 articles
2026-05-13 08:42:56,471 [INFO] 📝 Generating daily report...
2026-05-13 08:42:56,473 [INFO] Report saved: /home/runner/work/soc-daily-intel/soc-daily-intel/reports/2026/05/2026-05-13.md
2026-05-13 08:42:56,473 [INFO] Updated LATEST.md
2026-05-13 08:42:56,473 [INFO] Updated stats: 5 total reports, 123 total articles
2026-05-13 08:42:56,473 [INFO] 
✅ Done! Report generated in 17.0s
2026-05-13 08:42:56,473 [INFO] 📄 Report: /home/runner/work/soc-daily-intel/soc-daily-intel/reports/2026/05/2026-05-13.md
2026-05-13 08:42:56,473 [INFO] 📊 Articles: 33 | Sources: 8
2026-05-13 08:42:56,473 [INFO] ============================================================
2026-05-14 08:35:49,447 [INFO] ============================================================
2026-05-14 08:35:49,447 [INFO] 🛡️  SOC Daily Intelligence Feed — Starting Update
2026-05-14 08:35:49,447 [INFO] ============================================================
2026-05-14 08:35:49,447 [INFO] 📅 Report date: 2026-05-14
2026-05-14 08:35:49,448 [INFO] Loaded 12 feed sources
2026-05-14 08:35:49,448 [INFO] Fetching: The Hacker News (https://feeds.feedburner.com/TheHackersNews)
2026-05-14 08:35:49,716 [INFO]   ✅ The Hacker News: 15 articles found
2026-05-14 08:35:50,718 [INFO] Fetching: CISA Alerts (https://www.cisa.gov/cybersecurity-advisories/all.xml)
2026-05-14 08:35:51,009 [INFO]   ✅ CISA Alerts: 7 articles found
2026-05-14 08:35:52,010 [INFO] Fetching: Krebs on Security (https://krebsonsecurity.com/feed/)
2026-05-14 08:35:52,206 [INFO]   ✅ Krebs on Security: 1 articles found
2026-05-14 08:35:53,207 [INFO] Fetching: BleepingComputer (https://www.bleepingcomputer.com/feed/)
2026-05-14 08:35:53,261 [INFO]   ✅ BleepingComputer: 15 articles found
2026-05-14 08:35:54,262 [INFO] Fetching: Dark Reading (https://www.darkreading.com/rss.xml)
2026-05-14 08:35:54,847 [INFO]   ✅ Dark Reading: 10 articles found
2026-05-14 08:35:55,848 [INFO] Fetching: SecurityWeek (https://feeds.feedburner.com/securityweek)
2026-05-14 08:35:56,097 [INFO]   ✅ SecurityWeek: 10 articles found
2026-05-14 08:35:57,099 [INFO] Fetching: SANS ISC (https://isc.sans.edu/rssfeed.xml)
2026-05-14 08:35:57,321 [INFO]   ✅ SANS ISC: 6 articles found
2026-05-14 08:35:58,322 [INFO] Fetching: Naked Security (Sophos) (https://nakedsecurity.sophos.com/feed/)
2026-05-14 08:35:59,033 [WARNING] Feed parse error for Naked Security (Sophos): <unknown>:2:5576: not well-formed (invalid token)
2026-05-14 08:36:00,033 [INFO] Fetching: Schneier on Security (https://www.schneier.com/feed/atom/)
2026-05-14 08:36:00,125 [INFO]   ✅ Schneier on Security: 2 articles found
2026-05-14 08:36:01,126 [INFO] Fetching: US-CERT Current Activity (https://www.cisa.gov/uscert/ncas/current-activity.xml)
2026-05-14 08:36:01,219 [INFO]   ✅ US-CERT Current Activity: 0 articles found
2026-05-14 08:36:02,220 [INFO] Fetching: Packet Storm Security (https://rss.packetstormsecurity.com/)
2026-05-14 08:36:02,274 [WARNING]   ❌ Connection error for Packet Storm Security
2026-05-14 08:36:03,274 [INFO] Fetching: Threatpost (https://threatpost.com/feed/)
2026-05-14 08:36:04,174 [INFO]   ✅ Threatpost: 0 articles found
2026-05-14 08:36:05,175 [INFO] 
📊 Fetched 33 articles from 8/12 sources
2026-05-14 08:36:05,175 [INFO] Deduplication: 33 → 33 articles
2026-05-14 08:36:05,175 [INFO] 📝 Generating daily report...
2026-05-14 08:36:05,177 [INFO] Report saved: /home/runner/work/soc-daily-intel/soc-daily-intel/reports/2026/05/2026-05-14.md
2026-05-14 08:36:05,177 [INFO] Updated LATEST.md
2026-05-14 08:36:05,177 [INFO] Updated stats: 6 total reports, 156 total articles
2026-05-14 08:36:05,177 [INFO] 
✅ Done! Report generated in 15.7s
2026-05-14 08:36:05,177 [INFO] 📄 Report: /home/runner/work/soc-daily-intel/soc-daily-intel/reports/2026/05/2026-05-14.md
2026-05-14 08:36:05,177 [INFO] 📊 Articles: 33 | Sources: 8
2026-05-14 08:36:05,177 [INFO] ============================================================
2026-05-15 08:47:32,454 [INFO] ============================================================
2026-05-15 08:47:32,454 [INFO] 🛡️  SOC Daily Intelligence Feed — Starting Update
2026-05-15 08:47:32,454 [INFO] ============================================================
2026-05-15 08:47:32,454 [INFO] 📅 Report date: 2026-05-15
2026-05-15 08:47:32,455 [INFO] Loaded 12 feed sources
2026-05-15 08:47:32,455 [INFO] Fetching: The Hacker News (https://feeds.feedburner.com/TheHackersNews)
2026-05-15 08:47:32,621 [INFO]   ✅ The Hacker News: 16 articles found
2026-05-15 08:47:33,622 [INFO] Fetching: CISA Alerts (https://www.cisa.gov/cybersecurity-advisories/all.xml)
2026-05-15 08:47:34,628 [INFO]   ✅ CISA Alerts: 18 articles found
2026-05-15 08:47:35,630 [INFO] Fetching: Krebs on Security (https://krebsonsecurity.com/feed/)
2026-05-15 08:47:35,745 [INFO]   ✅ Krebs on Security: 0 articles found
2026-05-15 08:47:36,746 [INFO] Fetching: BleepingComputer (https://www.bleepingcomputer.com/feed/)
2026-05-15 08:47:36,879 [INFO]   ✅ BleepingComputer: 15 articles found
2026-05-15 08:47:37,880 [INFO] Fetching: Dark Reading (https://www.darkreading.com/rss.xml)
2026-05-15 08:47:38,566 [INFO]   ✅ Dark Reading: 12 articles found
2026-05-15 08:47:39,568 [INFO] Fetching: SecurityWeek (https://feeds.feedburner.com/securityweek)
2026-05-15 08:47:39,854 [INFO]   ✅ SecurityWeek: 10 articles found
2026-05-15 08:47:40,856 [INFO] Fetching: SANS ISC (https://isc.sans.edu/rssfeed.xml)
2026-05-15 08:47:41,221 [INFO]   ✅ SANS ISC: 4 articles found
2026-05-15 08:47:42,222 [INFO] Fetching: Naked Security (Sophos) (https://nakedsecurity.sophos.com/feed/)
2026-05-15 08:47:42,726 [WARNING] Feed parse error for Naked Security (Sophos): <unknown>:2:5576: not well-formed (invalid token)
2026-05-15 08:47:43,727 [INFO] Fetching: Schneier on Security (https://www.schneier.com/feed/atom/)
2026-05-15 08:47:43,862 [INFO]   ✅ Schneier on Security: 3 articles found
2026-05-15 08:47:44,863 [INFO] Fetching: US-CERT Current Activity (https://www.cisa.gov/uscert/ncas/current-activity.xml)
2026-05-15 08:47:44,957 [INFO]   ✅ US-CERT Current Activity: 1 articles found
2026-05-15 08:47:45,959 [INFO] Fetching: Packet Storm Security (https://rss.packetstormsecurity.com/)
2026-05-15 08:47:46,200 [WARNING]   ❌ Connection error for Packet Storm Security
2026-05-15 08:47:47,200 [INFO] Fetching: Threatpost (https://threatpost.com/feed/)
2026-05-15 08:47:48,308 [INFO]   ✅ Threatpost: 0 articles found
2026-05-15 08:47:49,309 [INFO] 
📊 Fetched 33 articles from 8/12 sources
2026-05-15 08:47:49,309 [INFO] Deduplication: 33 → 32 articles
2026-05-15 08:47:49,309 [INFO] 📝 Generating daily report...
2026-05-15 08:47:49,311 [INFO] Report saved: /home/runner/work/soc-daily-intel/soc-daily-intel/reports/2026/05/2026-05-15.md
2026-05-15 08:47:49,311 [INFO] Updated LATEST.md
2026-05-15 08:47:49,311 [INFO] Updated stats: 7 total reports, 188 total articles
2026-05-15 08:47:49,311 [INFO] 
✅ Done! Report generated in 16.9s
2026-05-15 08:47:49,311 [INFO] 📄 Report: /home/runner/work/soc-daily-intel/soc-daily-intel/reports/2026/05/2026-05-15.md
2026-05-15 08:47:49,312 [INFO] 📊 Articles: 32 | Sources: 8
2026-05-15 08:47:49,312 [INFO] ============================================================
2026-05-16 08:02:25,719 [INFO] ============================================================
2026-05-16 08:02:25,719 [INFO] 🛡️  SOC Daily Intelligence Feed — Starting Update
2026-05-16 08:02:25,719 [INFO] ============================================================
2026-05-16 08:02:25,719 [INFO] 📅 Report date: 2026-05-16
2026-05-16 08:02:25,720 [INFO] Loaded 12 feed sources
2026-05-16 08:02:25,720 [INFO] Fetching: The Hacker News (https://feeds.feedburner.com/TheHackersNews)
2026-05-16 08:02:25,893 [INFO]   ✅ The Hacker News: 13 articles found
2026-05-16 08:02:26,894 [INFO] Fetching: CISA Alerts (https://www.cisa.gov/cybersecurity-advisories/all.xml)
2026-05-16 08:02:27,724 [INFO]   ✅ CISA Alerts: 19 articles found
2026-05-16 08:02:28,726 [INFO] Fetching: Krebs on Security (https://krebsonsecurity.com/feed/)
2026-05-16 08:02:28,813 [INFO]   ✅ Krebs on Security: 0 articles found
2026-05-16 08:02:29,814 [INFO] Fetching: BleepingComputer (https://www.bleepingcomputer.com/feed/)
2026-05-16 08:02:29,905 [INFO]   ✅ BleepingComputer: 15 articles found
2026-05-16 08:02:30,906 [INFO] Fetching: Dark Reading (https://www.darkreading.com/rss.xml)
2026-05-16 08:02:31,660 [INFO]   ✅ Dark Reading: 9 articles found
2026-05-16 08:02:32,662 [INFO] Fetching: SecurityWeek (https://feeds.feedburner.com/securityweek)
2026-05-16 08:02:33,111 [INFO]   ✅ SecurityWeek: 10 articles found
2026-05-16 08:02:34,113 [INFO] Fetching: SANS ISC (https://isc.sans.edu/rssfeed.xml)
2026-05-16 08:02:34,327 [INFO]   ✅ SANS ISC: 2 articles found
2026-05-16 08:02:35,328 [INFO] Fetching: Naked Security (Sophos) (https://nakedsecurity.sophos.com/feed/)
2026-05-16 08:02:35,920 [WARNING] Feed parse error for Naked Security (Sophos): <unknown>:2:5576: not well-formed (invalid token)
2026-05-16 08:02:36,920 [INFO] Fetching: Schneier on Security (https://www.schneier.com/feed/atom/)
2026-05-16 08:02:37,052 [INFO]   ✅ Schneier on Security: 4 articles found
2026-05-16 08:02:38,053 [INFO] Fetching: US-CERT Current Activity (https://www.cisa.gov/uscert/ncas/current-activity.xml)
2026-05-16 08:02:38,136 [INFO]   ✅ US-CERT Current Activity: 2 articles found
2026-05-16 08:02:39,138 [INFO] Fetching: Packet Storm Security (https://rss.packetstormsecurity.com/)
2026-05-16 08:02:39,391 [WARNING]   ❌ Connection error for Packet Storm Security
2026-05-16 08:02:40,391 [INFO] Fetching: Threatpost (https://threatpost.com/feed/)
2026-05-16 08:02:41,105 [INFO]   ✅ Threatpost: 0 articles found
2026-05-16 08:02:42,106 [INFO] 
📊 Fetched 33 articles from 8/12 sources
2026-05-16 08:02:42,106 [INFO] Deduplication: 33 → 32 articles
2026-05-16 08:02:42,106 [INFO] 📝 Generating daily report...
2026-05-16 08:02:42,108 [INFO] Report saved: /home/runner/work/soc-daily-intel/soc-daily-intel/reports/2026/05/2026-05-16.md
2026-05-16 08:02:42,108 [INFO] Updated LATEST.md
2026-05-16 08:02:42,108 [INFO] Updated stats: 8 total reports, 220 total articles
2026-05-16 08:02:42,108 [INFO] 
✅ Done! Report generated in 16.4s
2026-05-16 08:02:42,108 [INFO] 📄 Report: /home/runner/work/soc-daily-intel/soc-daily-intel/reports/2026/05/2026-05-16.md
2026-05-16 08:02:42,108 [INFO] 📊 Articles: 32 | Sources: 8
2026-05-16 08:02:42,108 [INFO] ============================================================
2026-05-17 08:20:00,677 [INFO] ============================================================
2026-05-17 08:20:00,677 [INFO] 🛡️  SOC Daily Intelligence Feed — Starting Update
2026-05-17 08:20:00,677 [INFO] ============================================================
2026-05-17 08:20:00,677 [INFO] 📅 Report date: 2026-05-17
2026-05-17 08:20:00,678 [INFO] Loaded 12 feed sources
2026-05-17 08:20:00,678 [INFO] Fetching: The Hacker News (https://feeds.feedburner.com/TheHackersNews)
2026-05-17 08:20:01,004 [INFO]   ✅ The Hacker News: 6 articles found
2026-05-17 08:20:02,005 [INFO] Fetching: CISA Alerts (https://www.cisa.gov/cybersecurity-advisories/all.xml)
2026-05-17 08:20:02,613 [INFO]   ✅ CISA Alerts: 1 articles found
2026-05-17 08:20:03,615 [INFO] Fetching: Krebs on Security (https://krebsonsecurity.com/feed/)
2026-05-17 08:20:03,832 [INFO]   ✅ Krebs on Security: 0 articles found
2026-05-17 08:20:04,833 [INFO] Fetching: BleepingComputer (https://www.bleepingcomputer.com/feed/)
2026-05-17 08:20:04,912 [INFO]   ✅ BleepingComputer: 10 articles found
2026-05-17 08:20:05,913 [INFO] Fetching: Dark Reading (https://www.darkreading.com/rss.xml)
2026-05-17 08:20:06,471 [INFO]   ✅ Dark Reading: 2 articles found
2026-05-17 08:20:07,472 [INFO] Fetching: SecurityWeek (https://feeds.feedburner.com/securityweek)
2026-05-17 08:20:07,995 [INFO]   ✅ SecurityWeek: 6 articles found
2026-05-17 08:20:08,997 [INFO] Fetching: SANS ISC (https://isc.sans.edu/rssfeed.xml)
2026-05-17 08:20:09,266 [INFO]   ✅ SANS ISC: 0 articles found
2026-05-17 08:20:10,267 [INFO] Fetching: Naked Security (Sophos) (https://nakedsecurity.sophos.com/feed/)
2026-05-17 08:20:10,790 [WARNING] Feed parse error for Naked Security (Sophos): <unknown>:2:5576: not well-formed (invalid token)
2026-05-17 08:20:11,791 [INFO] Fetching: Schneier on Security (https://www.schneier.com/feed/atom/)
2026-05-17 08:20:11,863 [INFO]   ✅ Schneier on Security: 2 articles found
2026-05-17 08:20:12,864 [INFO] Fetching: US-CERT Current Activity (https://www.cisa.gov/uscert/ncas/current-activity.xml)
2026-05-17 08:20:12,957 [INFO]   ✅ US-CERT Current Activity: 1 articles found
2026-05-17 08:20:13,958 [INFO] Fetching: Packet Storm Security (https://rss.packetstormsecurity.com/)
2026-05-17 08:20:14,194 [WARNING]   ❌ Connection error for Packet Storm Security
2026-05-17 08:20:15,194 [INFO] Fetching: Threatpost (https://threatpost.com/feed/)
2026-05-17 08:20:16,175 [INFO]   ✅ Threatpost: 0 articles found
2026-05-17 08:20:17,176 [INFO] 
📊 Fetched 21 articles from 7/12 sources
2026-05-17 08:20:17,177 [INFO] Deduplication: 21 → 21 articles
2026-05-17 08:20:17,177 [INFO] 📝 Generating daily report...
2026-05-17 08:20:17,178 [INFO] Report saved: /home/runner/work/soc-daily-intel/soc-daily-intel/reports/2026/05/2026-05-17.md
2026-05-17 08:20:17,178 [INFO] Updated LATEST.md
2026-05-17 08:20:17,178 [INFO] Updated stats: 9 total reports, 241 total articles
2026-05-17 08:20:17,178 [INFO] 
✅ Done! Report generated in 16.5s
2026-05-17 08:20:17,179 [INFO] 📄 Report: /home/runner/work/soc-daily-intel/soc-daily-intel/reports/2026/05/2026-05-17.md
2026-05-17 08:20:17,179 [INFO] 📊 Articles: 21 | Sources: 7
2026-05-17 08:20:17,179 [INFO] ============================================================
